[www.foxcoders.com/demo/eduaid/index.html]
[backblue.gif]
[fade.gif]
[index.html]
[www.foxcoders.com/demo/eduaid/assets/images/favicon.png]
[www.foxcoders.com/demo/eduaid/assets/css/bootstrap.min.css]
[www.foxcoders.com/demo/eduaid/assets/css/owl.carousel.min.css]
[www.foxcoders.com/demo/eduaid/assets/css/font-awesome.min.css]
[www.foxcoders.com/demo/eduaid/assets/css/aos.css]
[www.foxcoders.com/demo/eduaid/assets/css/swiper.min.css]
[www.foxcoders.com/demo/eduaid/assets/css/jquery.fancybox.min.css]
[www.foxcoders.com/demo/eduaid/style.css]
[www.foxcoders.com/demo/eduaid/index-2.html]
[www.foxcoders.com/demo/eduaid/assets/images/logo.png]
[www.foxcoders.com/demo/eduaid/assets/images/location.png]
[www.foxcoders.com/demo/eduaid/assets/images/phone.png]
[www.foxcoders.com/demo/eduaid/apply_form.html]
[www.foxcoders.com/demo/eduaid/assets/images/footer_logo.png]
[www.foxcoders.com/demo/eduaid/index-3.html]
[www.foxcoders.com/demo/eduaid/index-4.html]
[www.foxcoders.com/demo/eduaid/index-5.html]
[www.foxcoders.com/demo/eduaid/about.html]
[www.foxcoders.com/demo/eduaid/courses.html]
[www.foxcoders.com/demo/eduaid/departments.html]
[www.foxcoders.com/demo/eduaid/blog_01.html]
[www.foxcoders.com/demo/eduaid/blog_02.html]
[www.foxcoders.com/demo/eduaid/blog_details.html]
[www.foxcoders.com/demo/eduaid/teachers.html]
[www.foxcoders.com/demo/eduaid/teacher_details.html]
[www.foxcoders.com/demo/eduaid/events.html]
[www.foxcoders.com/demo/eduaid/gallery.html]
[www.foxcoders.com/demo/eduaid/students.html]
[www.foxcoders.com/demo/eduaid/result.html]
[www.foxcoders.com/demo/eduaid/notice.html]
[www.foxcoders.com/demo/eduaid/contact.html]
[www.foxcoders.com/demo/eduaid/assets/images/slider_bg_2.jpg]
[www.foxcoders.com/demo/eduaid/assets/images/slider_bg.jpg]
[www.foxcoders.com/demo/eduaid/assets/images/slider_bg_3.jpg]
[www.foxcoders.com/demo/eduaid/assets/images/service_icon_01.png]
[www.foxcoders.com/demo/eduaid/assets/images/service_icon_02.png]
[www.foxcoders.com/demo/eduaid/assets/images/service_icon_03.png]
[www.foxcoders.com/demo/eduaid/assets/images/welcome.jpg]
[www.foxcoders.com/demo/eduaid/assets/images/icon_01.png]
[www.foxcoders.com/demo/eduaid/assets/images/icon_02.png]
[www.foxcoders.com/demo/eduaid/assets/images/icon_03.png]
[www.foxcoders.com/demo/eduaid/assets/images/icon_04.png]
[www.foxcoders.com/demo/eduaid/assets/images/icon_05.png]
[www.foxcoders.com/demo/eduaid/assets/images/icon_06.png]
[www.foxcoders.com/demo/eduaid/assets/images/featured_01.jpg]
[www.foxcoders.com/demo/eduaid/assets/images/featured_02.jpg]
[www.foxcoders.com/demo/eduaid/assets/images/featured_03.jpg]
[www.foxcoders.com/demo/eduaid/assets/images/featured_04.jpg]
[www.foxcoders.com/demo/eduaid/assets/images/featured_05.jpg]
[www.foxcoders.com/demo/eduaid/assets/images/video_popup.jpg]
[www.foxcoders.com/demo/eduaid/assets/images/member_01.jpg]
[www.foxcoders.com/demo/eduaid/assets/images/member_02.jpg]
[www.foxcoders.com/demo/eduaid/assets/images/member_03.jpg]
[www.foxcoders.com/demo/eduaid/assets/images/events.jpg]
[www.foxcoders.com/demo/eduaid/assets/images/big_blog.jpg]
[www.foxcoders.com/demo/eduaid/assets/images/blog_01.jpg]
[www.foxcoders.com/demo/eduaid/assets/images/blog_02.jpg]
[www.foxcoders.com/demo/eduaid/assets/images/blog_03.jpg]
[www.foxcoders.com/demo/eduaid/assets/js/jquery-3.4.0.min.js]
[www.foxcoders.com/demo/eduaid/assets/js/popper.min.js]
[www.foxcoders.com/demo/eduaid/assets/js/jquery.easing.min.js]
[www.foxcoders.com/demo/eduaid/assets/js/bootstrap.min.js]
[www.foxcoders.com/demo/eduaid/assets/js/aos.js]
[www.foxcoders.com/demo/eduaid/assets/js/owl.carousel.min.js]
[www.foxcoders.com/demo/eduaid/assets/js/swiper.min.js]
[www.foxcoders.com/demo/eduaid/assets/js/jquery.fancybox.min.js]
[www.foxcoders.com/demo/eduaid/assets/js/jquery.waypoints.min.js]
[www.foxcoders.com/demo/eduaid/assets/js/jquery.counterup.min.js]
[www.foxcoders.com/demo/eduaid/assets/js/jquery.matchHeight-min.js]
[www.foxcoders.com/demo/eduaid/assets/js/bootnavbar.js]
[www.foxcoders.com/demo/eduaid/assets/js/main.js]
[www.foxcoders.com/demo/eduaid/index.html]
[www.foxcoders.com/demo/eduaid/assets/css/bootstrap.min.css]
[www.foxcoders.com/demo/eduaid/assets/css/owl.video.play.html]
[www.foxcoders.com/demo/eduaid/assets/css/owl.carousel.min.css]
[www.foxcoders.com/demo/eduaid/assets/webfonts/fa-brands-400.eot]
[www.foxcoders.com/demo/eduaid/assets/webfonts/fa-brands-400d41d.eot]
[www.foxcoders.com/demo/eduaid/assets/webfonts/fa-brands-400.woff]
[www.foxcoders.com/demo/eduaid/assets/webfonts/fa-brands-400.ttf]
[www.foxcoders.com/demo/eduaid/assets/webfonts/fa-regular-400.eot]
[www.foxcoders.com/demo/eduaid/assets/webfonts/fa-brands-400.svg]
[www.foxcoders.com/demo/eduaid/assets/webfonts/fa-regular-400d41d.eot]
[www.foxcoders.com/demo/eduaid/assets/webfonts/fa-regular-400.woff2]
[www.foxcoders.com/demo/eduaid/assets/webfonts/fa-regular-400.woff]
[www.foxcoders.com/demo/eduaid/assets/webfonts/fa-regular-400.ttf]
[www.foxcoders.com/demo/eduaid/assets/webfonts/fa-regular-400.svg]
[www.foxcoders.com/demo/eduaid/assets/webfonts/fa-solid-900.eot]
[www.foxcoders.com/demo/eduaid/assets/webfonts/fa-solid-900d41d.eot]
[www.foxcoders.com/demo/eduaid/assets/webfonts/fa-solid-900.woff2]
[www.foxcoders.com/demo/eduaid/assets/webfonts/fa-solid-900.woff]
[www.foxcoders.com/demo/eduaid/assets/webfonts/fa-solid-900.ttf]
[www.foxcoders.com/demo/eduaid/assets/css/font-awesome.min.css]
[www.foxcoders.com/demo/eduaid/assets/css/aos.css]
[www.foxcoders.com/demo/eduaid/assets/css/swiper.min.css]
[www.foxcoders.com/demo/eduaid/assets/css/jquery.fancybox.min.css]
[www.foxcoders.com/demo/eduaid/assets/webfonts/fa-solid-900.svg]
[www.foxcoders.com/demo/eduaid/assets/images/border.png]
[www.foxcoders.com/demo/eduaid/style.css]
[www.foxcoders.com/demo/eduaid/index-2.html]
[www.foxcoders.com/demo/eduaid/assets/images/about_us.png]
[www.foxcoders.com/demo/eduaid/apply_form.html]
[www.foxcoders.com/demo/eduaid/assets/images/logo_2.png]
[www.foxcoders.com/demo/eduaid/assets/images/home_2_slide.jpg]
[www.foxcoders.com/demo/eduaid/assets/images/slider_bg_4.jpg]
[www.foxcoders.com/demo/eduaid/assets/images/service_icon_04.png]
[www.foxcoders.com/demo/eduaid/assets/images/service_icon_05.png]
[www.foxcoders.com/demo/eduaid/assets/images/service_icon_06.png]
[www.foxcoders.com/demo/eduaid/assets/images/half_column_2.jpg]
[www.foxcoders.com/demo/eduaid/assets/images/big_bg.jpg]
[www.foxcoders.com/demo/eduaid/assets/images/big_bg_2.jpg]
[www.foxcoders.com/demo/eduaid/assets/images/member_04.jpg]
[www.foxcoders.com/demo/eduaid/assets/images/member_05.jpg]
[www.foxcoders.com/demo/eduaid/assets/images/member_06.jpg]
[www.foxcoders.com/demo/eduaid/assets/images/big_bg_3.jpg]
[www.foxcoders.com/demo/eduaid/assets/images/half_column_3.png]
[www.foxcoders.com/demo/eduaid/assets/images/author_01.jpg]
[www.foxcoders.com/demo/eduaid/assets/images/author_02.jpg]
[www.foxcoders.com/demo/eduaid/assets/images/big_bg_4.jpg]
[www.foxcoders.com/demo/eduaid/assets/images/blog_05.jpg]
[www.foxcoders.com/demo/eduaid/assets/images/blog_06.jpg]
[www.foxcoders.com/demo/eduaid/assets/images/footer_bg.jpg]
[www.foxcoders.com/demo/eduaid/assets/images/footer_logo_2.png]
[www.foxcoders.com/demo/eduaid/index-3.html]
[www.foxcoders.com/demo/eduaid/assets/images/logo_3.png]
[www.foxcoders.com/demo/eduaid/assets/images/slider_bg_7.jpg]
[www.foxcoders.com/demo/eduaid/assets/images/slider_bg_5.jpg]
[www.foxcoders.com/demo/eduaid/assets/images/slider_bg_6.jpg]
[www.foxcoders.com/demo/eduaid/assets/images/service_icon_11.png]
[www.foxcoders.com/demo/eduaid/assets/images/service_icon_10.png]
[www.foxcoders.com/demo/eduaid/assets/images/service_icon_09.png]
[www.foxcoders.com/demo/eduaid/assets/images/half_column_03.jpg]
[www.foxcoders.com/demo/eduaid/assets/images/featured_06.jpg]
[www.foxcoders.com/demo/eduaid/assets/images/member_07.jpg]
[www.foxcoders.com/demo/eduaid/assets/images/member_08.jpg]
[www.foxcoders.com/demo/eduaid/assets/images/member_09.jpg]
[www.foxcoders.com/demo/eduaid/assets/images/tbg.jpg]
[www.foxcoders.com/demo/eduaid/assets/images/map.png]
[www.foxcoders.com/demo/eduaid/assets/images/footer_logo_3.png]
[www.foxcoders.com/demo/eduaid/index-4.html]
[www.foxcoders.com/demo/eduaid/assets/images/slider_14.jpg]
[www.foxcoders.com/demo/eduaid/assets/images/slider_07.jpg]
[www.foxcoders.com/demo/eduaid/assets/images/slider_11.jpg]
[www.foxcoders.com/demo/eduaid/assets/images/half_column_01.jpg]
[www.foxcoders.com/demo/eduaid/assets/images/featured_07.jpg]
[www.foxcoders.com/demo/eduaid/assets/images/featured_08.jpg]
[www.foxcoders.com/demo/eduaid/assets/images/featured_09.jpg]
[www.foxcoders.com/demo/eduaid/assets/images/half_column_img_02.jpg]
[www.foxcoders.com/demo/eduaid/assets/images/quote_bg.jpg]
[www.foxcoders.com/demo/eduaid/assets/images/brand_01.jpg]
[www.foxcoders.com/demo/eduaid/assets/images/brand_02.jpg]
[www.foxcoders.com/demo/eduaid/assets/images/brand_03.jpg]
[www.foxcoders.com/demo/eduaid/assets/images/brand_04.jpg]
[www.foxcoders.com/demo/eduaid/index-5.html]
[www.foxcoders.com/demo/eduaid/assets/images/service_icon_07.png]
[www.foxcoders.com/demo/eduaid/assets/images/service_icon_08.png]
[www.foxcoders.com/demo/eduaid/assets/images/gallery_01.jpg]
[www.foxcoders.com/demo/eduaid/assets/images/countdown_bg.jpg]
[www.foxcoders.com/demo/eduaid/about.html]
[www.foxcoders.com/demo/eduaid/assets/images/portfolio_01.jpg]
[www.foxcoders.com/demo/eduaid/assets/images/portfolio_02.jpg]
[www.foxcoders.com/demo/eduaid/assets/images/portfolio_03.jpg]
[www.foxcoders.com/demo/eduaid/assets/images/portfolio_07.jpg]
[www.foxcoders.com/demo/eduaid/assets/images/portfolio_05.jpg]
[www.foxcoders.com/demo/eduaid/courses.html]
[www.foxcoders.com/demo/eduaid/departments.html]
[www.foxcoders.com/demo/eduaid/assets/images/blog_details_01.jpg]
[www.foxcoders.com/demo/eduaid/assets/images/blog_details_02.jpg]
[www.foxcoders.com/demo/eduaid/assets/images/blog_details_03.jpg]
[www.foxcoders.com/demo/eduaid/blog_01.html]
[www.foxcoders.com/demo/eduaid/assets/images/blog_08.jpg]
[www.foxcoders.com/demo/eduaid/assets/images/blog_09.jpg]
[www.foxcoders.com/demo/eduaid/assets/images/blog_10.jpg]
[www.foxcoders.com/demo/eduaid/assets/images/blog_11.jpg]
[www.foxcoders.com/demo/eduaid/blog_02.html]
[www.foxcoders.com/demo/eduaid/assets/images/details_01.jpg]
[www.foxcoders.com/demo/eduaid/assets/images/author_01.png]
[www.foxcoders.com/demo/eduaid/assets/images/author_02.png]
[www.foxcoders.com/demo/eduaid/blog_details.html]
[www.foxcoders.com/demo/eduaid/assets/images/teacher_04.jpg]
[www.foxcoders.com/demo/eduaid/assets/images/teacher_03.jpg]
[www.foxcoders.com/demo/eduaid/assets/images/teacher_05.jpg]
[www.foxcoders.com/demo/eduaid/assets/images/teacher_06.jpg]
[www.foxcoders.com/demo/eduaid/assets/images/teacher_07.jpg]
[www.foxcoders.com/demo/eduaid/teachers.html]
[www.foxcoders.com/demo/eduaid/assets/images/single_author.jpg]
[www.foxcoders.com/demo/eduaid/teacher_details.html]
[www.foxcoders.com/demo/eduaid/assets/images/event_01.jpg]
[www.foxcoders.com/demo/eduaid/assets/images/event_02.jpg]
[www.foxcoders.com/demo/eduaid/assets/images/event_03.jpg]
[www.foxcoders.com/demo/eduaid/assets/images/event_04.jpg]
[www.foxcoders.com/demo/eduaid/assets/images/event_05.jpg]
[www.foxcoders.com/demo/eduaid/assets/images/event_06.jpg]
[www.foxcoders.com/demo/eduaid/events.html]
[www.foxcoders.com/demo/eduaid/assets/images/gallery_02.jpg]
[www.foxcoders.com/demo/eduaid/assets/images/gallery_03.jpg]
[www.foxcoders.com/demo/eduaid/assets/images/gallery_04.jpg]
[www.foxcoders.com/demo/eduaid/assets/images/gallery_05.jpg]
[www.foxcoders.com/demo/eduaid/assets/images/gallery_09.jpg]
[www.foxcoders.com/demo/eduaid/assets/images/gallery_07.jpg]
[www.foxcoders.com/demo/eduaid/gallery.html]
[www.foxcoders.com/demo/eduaid/assets/images/pdf_bg.jpg]
[www.foxcoders.com/demo/eduaid/assets/images/video_image.jpg]
[www.foxcoders.com/demo/eduaid/assets/images/student_01.jpg]
[www.foxcoders.com/demo/eduaid/assets/images/student_02.jpg]
[www.foxcoders.com/demo/eduaid/assets/images/student_03.jpg]
[www.foxcoders.com/demo/eduaid/assets/images/student_04.jpg]
[www.foxcoders.com/demo/eduaid/assets/images/student_05.jpg]
[www.foxcoders.com/demo/eduaid/assets/images/student_06.jpg]
[www.foxcoders.com/demo/eduaid/students.html]
[www.foxcoders.com/demo/eduaid/result.html]
[www.foxcoders.com/demo/eduaid/notice.html]
[www.foxcoders.com/demo/eduaid/contact.html]
[www.foxcoders.com/wp-content/uploads/2019/07/Profile-2.jpg]
[www.foxcoders.com/wp-content/plugins/minimal-coming-soon-maintenance-mode/framework/public/css/public.css]
[ajax.googleapis.com/ajax/libs/webfont/1.4.7/webfont.js]
[assets.comingsoonwp.com/free-backgrounds/thought-catalog-214785-unsplash.jpg]
[www.foxcoders.com/wp-content/uploads/2019/07/Profile-2-1.jpg]
[www.foxcoders.com/demo/eduaid/assets/css/owl.video.play.html]
[www.foxcoders.com/demo/eduaid/assets/webfonts/fa-brands-400.svg]
[www.foxcoders.com/demo/eduaid/assets/webfonts/fa-brands-400.woff2]
[www.foxcoders.com/demo/eduaid/assets/webfonts/fa-regular-400.svg]
[www.foxcoders.com/demo/eduaid/assets/webfonts/fa-solid-900.svg]
[www.foxcoders.com/wp-content/plugins/minimal-coming-soon-maintenance-mode/framework/public/css/public.css]
[www.foxcoders.com/demo/eduaid/assets/images/teacher_02.jpg]
